../Core/Src/lora.c:69:13:LoRa_SpiReconfig	32	static
../Core/Src/lora.c:92:13:LoRa_BusAcquire	8	static
../Core/Src/lora.c:100:13:LoRa_BusRelease	8	static
../Core/Src/lora.c:107:13:LoRa_Xfer	24	static
../Core/Src/lora.c:118:6:LoRa_Write	16	static
../Core/Src/lora.c:125:9:LoRa_Read	16	static
../Core/Src/lora.c:133:6:LoRa_WriteBurst	16	static
../Core/Src/lora.c:142:13:LoRa_ReadBurst	16	static
../Core/Src/lora.c:156:6:LoRa_Setup	8	static
../Core/Src/lora.c:166:6:LoRa_Freq	16	static
../Core/Src/lora.c:175:6:LoRa_PacketSet	8	static
../Core/Src/lora.c:181:6:LoRa_FifoSet	8	static
../Core/Src/lora.c:188:6:LoRa_RxSet	8	static
../Core/Src/lora.c:200:19:LoRa_Init	8	static
../Core/Src/lora.c:231:5:LoRa_ReceivePacket	32	static
../Core/Src/lora.c:260:6:LoRa_SendPacket	32	static
../Core/Src/lora.c:294:6:LoRa_TakeRxFlag	16	static
../Core/Src/lora.c:303:6:LoRa_IrqPending	16	static
../Core/Src/lora.c:309:9:LoRa_CurrentRssiDbm	8	static
../Core/Src/lora.c:310:9:LoRa_PacketRssiDbm	8	static
../Core/Src/lora.c:312:9:LoRa_PacketSnrX100	16	static
../Core/Src/lora.c:318:9:LoRa_ChipVersion	4	static
../Core/Src/lora.c:319:9:LoRa_IsReady	4	static
