../Drivers/CMSIS/Include/core_cm4.h:2064:26:ITM_SendChar	16	static,ignoring_inline_asm
../Core/Src/main.c:161:5:_write	32	static
../Core/Src/main.c:187:13:BL_Set	16	static
../Core/Src/main.c:195:17:UI_HalfWidth	24	static
../Core/Src/main.c:204:13:UI_FillBand	48	static
../Core/Src/main.c:216:13:UI_Bezel	8	static
../Core/Src/main.c:224:13:UI_Clear	8	static
../Core/Src/main.c:231:13:Str_Center	48	static
../Core/Src/main.c:241:13:Str_CenterW	80	static
../Core/Src/main.c:257:13:Fmt_Coord	56	static
../Core/Src/main.c:268:13:Fmt_ResetCause	56	static
../Core/Src/main.c:294:13:Screen_Splash	72	static
../Core/Src/main.c:325:17:Rnd_Next	16	static
../Core/Src/main.c:337:16:Rnd_Range	24	static
../Core/Src/main.c:344:13:Rnd_Seed	8	static
../Core/Src/main.c:352:13:Rnd_Tick	16	static
../Core/Src/main.c:367:13:Rnd_Fmt	32	static
../Core/Src/main.c:413:13:Reticle_Draw	16	static
../Core/Src/main.c:430:13:Mode1_Debug	56	static
../Core/Src/main.c:448:13:Mode1_Init	24	static
../Core/Src/main.c:475:13:Mode1_Loop	88	static
../Core/Src/main.c:1469:5:main	8	static
../Core/Src/main.c:1579:6:SystemClock_Config	88	static
../Core/Src/main.c:1621:13:MX_I2C1_Init	8	static
../Core/Src/main.c:1655:13:MX_SPI1_Init	8	static
../Core/Src/main.c:1693:13:MX_TIM3_Init	48	static
../Core/Src/main.c:1742:13:MX_USART1_UART_Init	8	static
../Core/Src/main.c:1775:13:MX_USART2_UART_Init	8	static
../Core/Src/main.c:1806:13:MX_DMA_Init	16	static
../Core/Src/main.c:1824:13:MX_GPIO_Init	40	static
../Core/Src/main.c:1872:6:HAL_UART_RxCpltCallback	16	static
../Core/Src/main.c:1884:6:HAL_UART_ErrorCallback	32	static
../Core/Src/main.c:1903:6:Error_Handler	4	static,ignoring_inline_asm
